40
20
9
1
1
2
wwwwwwwwwwwwwwwwwwwwwwwwwwwwwwwwwwwwwwww
w       wwwwwww     www              WWw
w       wwwwwww     www              WWw
w  b    wwwwwww                        w
w         wwwwww         ss            w
w         wwwwww     h   ss            w
w         wwwwww         ss            w
w         wwwwww         ss            w
w          wwwwwwww                    w
w          wwwwwwww                    w
w            wwwwwwwwwwwwwwwwwww       w
w            wwwwwwwwwwwwwwwwwww       w
w                                      w
w                                      w
w                   BBBBB              w
w                   BBBBB              w
w                   BBBBB              w
wWW                                    w
wWW                                    w
wwwwwwwwwwwwwwwwwwwwwwwwwwwwwwwwwwwwwwww
0,0|16,320
624,0|640,320
16,0|624,16
16,304|624,320
128,16|240,64
160,64|256,128
176,128|304,160
208,160|512,192
320,16|368,48
320,224|400,272
400,64|432,128
16,272|48,304
592,16|624,48