60
18
8
1
2
1
wwwwwwwwwwwwwwwwwwwwwwwwwwwwwwwwwwwwwwwwwwwwwwwwwwwwwwwwwwww
wsssss                                               WWWWWWw
wsssss                                               WWWWWWw
wsssss                                               WWWWWWw
w                             wwww        wwww       sss   w
w                             wwww        wwww       sss   w
w                             wwww                   sss h w
w                             wwww                   sss   w
w           wwww                                     sss   w
w           wwww     BBB                             sss   w
w           wwww     BBB                                   w
w           wwww     BBB                                   w
w           wwww                                           w
w           wwww                     ww                    w
w  b        wwww                     ww                    w
w           wwww                                           w
w           wwww                                           w
wwwwwwwwwwwwwwwwwwwwwwwwwwwwwwwwwwwwwwwwwwwwwwwwwwwwwwwwwwww
0,0|16,288
944,0|960,288
16,0|944,16
16,272|944,288
192,128|256,272
480,64|544,128
672,64|736,96
592,208|624,240
336,144|384,192
16,16|96,64
848,64|896,160
848,16|944,64