4
4
9
8
wwwwwwwwwwwwwwwwwwwwwwwwwwwwwwwwwwwwwwwwwwwwwwwwww
w                                                w
w                                                w
w                                                w
w                                                w
w            b                                   w
w                                                w
w                                                w
w                                                w
w                                                w
w                                                w
w                                                w
w                     BB                         w
w                     BB                         w
w                                                w
w                                                w
w                                                w
w                                                w
w                                                w
w                                                w
w                                                w
w                                                w
w                                                w
w                                                w
w                               h                w
w                                                w
w            sss                                 w
w            sss                                 w
w            sss                                 w
w                                                w
w                                                w
w                                                w
w                                                w
w                                                w
w                                                w
w                                                w
w                                                w
w                                                w
w                                                w
w                                                w
w                    WWWW                        w
w                    WWWW                        w
w                                                w
w                                                w
w                                                w
w                                                w
w                                                w
w                                                w
w                                                w
wwwwwwwwwwwwwwwwwwwwwwwwwwwwwwwwwwwwwwwwwwwwwwwwww