8
wwwwwwwwwwwwwwwwwwwwwwwwwwwwwwwwwwwwwwwwwwwwwwwwww
w                                                w
w                                                w
w                                                w
w                                                w
w            b                                   w
w                                                w
w                                                w
w                                                w
w                                                w
w                                                w
w                                                w
w                                                w
w                      BB                        w
w                      BB                        w
w                                                w
w                                                w
w                                                w
w                                                w
w                                                w
w                                                w
w                                                w
w                                                w
w                                                w
w                               h                w
w                                                w
w                                                w
w                                                w
w                                                w
w                                                w
w                                                w
w                                                w
w                                                w
w                                                w
w                                                w
w                                                w
w                                                w
w                                                w
w                                                w
w                                                w
w                                                w
w                                                w
w                                                w
w                                                w
w                                                w
w                                                w
w                                                w
w                                                w
w                                                w
wwwwwwwwwwwwwwwwwwwwwwwwwwwwwwwwwwwwwwwwwwwwwwwwww