50
50
4
4
9
8
aaaaaaaaaaaaaaaaaaaaaaaaaaaaaaaaaaaaaaaaaaaaaaaaaa
a                                                a
a                                                a
a                                                a
a                                                a
a            b                                   a
a                                                a
a                                                a
a                                                a
a                                                a
a              BB                                a
a              BB                                a
a                                                a
a                                                a
a                                                a
a                                                a
a                                                a
a                                                a
a                                                a
a                                                a
a                                                a
a                                                a
a                                                a
a                                                a
a                               h                a
a                                                a
a                                                a
a         sss                                    a
a         sss                                    a
a         sss                      WWWW          a
a                                  WWWW          a
a                                                a
a                                                a
a                                                a
a                                                a
a                                                a
a                                                a
a                                                a
a                                                a
a                                                a
a                                                a
a                                                a
a                                                a
a                                                a
a                                                a
a                                                a
a                                                a
a                                                a
a                                                a
aaaaaaaaaaaaaaaaaaaaaaaaaaaaaaaaaaaaaaaaaaaaaaaaaa